Archive member included to satisfy reference by file (symbol)

c:/users/notebook/desktop/iti/turkey's/arm_stm32f401/tools/arm gcc/bin/../lib/gcc/arm-none-eabi/5.4.1/armv7e-m\libgcc.a(_aeabi_uldivmod.o)
                              ./src/APP_TEST/LCD/DigitalWatch.o (__aeabi_uldivmod)
c:/users/notebook/desktop/iti/turkey's/arm_stm32f401/tools/arm gcc/bin/../lib/gcc/arm-none-eabi/5.4.1/armv7e-m\libgcc.a(_udivmoddi4.o)
                              c:/users/notebook/desktop/iti/turkey's/arm_stm32f401/tools/arm gcc/bin/../lib/gcc/arm-none-eabi/5.4.1/armv7e-m\libgcc.a(_aeabi_uldivmod.o) (__udivmoddi4)
c:/users/notebook/desktop/iti/turkey's/arm_stm32f401/tools/arm gcc/bin/../lib/gcc/arm-none-eabi/5.4.1/armv7e-m\libgcc.a(_dvmd_tls.o)
                              c:/users/notebook/desktop/iti/turkey's/arm_stm32f401/tools/arm gcc/bin/../lib/gcc/arm-none-eabi/5.4.1/armv7e-m\libgcc.a(_aeabi_uldivmod.o) (__aeabi_ldiv0)
c:/users/notebook/desktop/iti/turkey's/arm_stm32f401/tools/arm gcc/bin/../lib/gcc/arm-none-eabi/5.4.1/../../../../arm-none-eabi/lib/armv7e-m\libg_nano.a(lib_a-errno.o)
                              ./system/src/newlib/_sbrk.o (__errno)
c:/users/notebook/desktop/iti/turkey's/arm_stm32f401/tools/arm gcc/bin/../lib/gcc/arm-none-eabi/5.4.1/../../../../arm-none-eabi/lib/armv7e-m\libg_nano.a(lib_a-impure.o)
                              c:/users/notebook/desktop/iti/turkey's/arm_stm32f401/tools/arm gcc/bin/../lib/gcc/arm-none-eabi/5.4.1/../../../../arm-none-eabi/lib/armv7e-m\libg_nano.a(lib_a-errno.o) (_impure_ptr)
c:/users/notebook/desktop/iti/turkey's/arm_stm32f401/tools/arm gcc/bin/../lib/gcc/arm-none-eabi/5.4.1/../../../../arm-none-eabi/lib/armv7e-m\libg_nano.a(lib_a-strlen.o)
                              ./system/src/diag/Trace.o (strlen)
c:/users/notebook/desktop/iti/turkey's/arm_stm32f401/tools/arm gcc/bin/../lib/gcc/arm-none-eabi/5.4.1/../../../../arm-none-eabi/lib/armv7e-m\libg_nano.a(lib_a-vsnprintf.o)
                              ./system/src/diag/Trace.o (vsnprintf)
c:/users/notebook/desktop/iti/turkey's/arm_stm32f401/tools/arm gcc/bin/../lib/gcc/arm-none-eabi/5.4.1/../../../../arm-none-eabi/lib/armv7e-m\libg_nano.a(lib_a-nano-svfprintf.o)
                              c:/users/notebook/desktop/iti/turkey's/arm_stm32f401/tools/arm gcc/bin/../lib/gcc/arm-none-eabi/5.4.1/../../../../arm-none-eabi/lib/armv7e-m\libg_nano.a(lib_a-vsnprintf.o) (_svfprintf_r)
c:/users/notebook/desktop/iti/turkey's/arm_stm32f401/tools/arm gcc/bin/../lib/gcc/arm-none-eabi/5.4.1/../../../../arm-none-eabi/lib/armv7e-m\libg_nano.a(lib_a-nano-vfprintf_i.o)
                              c:/users/notebook/desktop/iti/turkey's/arm_stm32f401/tools/arm gcc/bin/../lib/gcc/arm-none-eabi/5.4.1/../../../../arm-none-eabi/lib/armv7e-m\libg_nano.a(lib_a-nano-svfprintf.o) (_printf_i)
c:/users/notebook/desktop/iti/turkey's/arm_stm32f401/tools/arm gcc/bin/../lib/gcc/arm-none-eabi/5.4.1/../../../../arm-none-eabi/lib/armv7e-m\libg_nano.a(lib_a-memchr.o)
                              c:/users/notebook/desktop/iti/turkey's/arm_stm32f401/tools/arm gcc/bin/../lib/gcc/arm-none-eabi/5.4.1/../../../../arm-none-eabi/lib/armv7e-m\libg_nano.a(lib_a-nano-svfprintf.o) (memchr)
c:/users/notebook/desktop/iti/turkey's/arm_stm32f401/tools/arm gcc/bin/../lib/gcc/arm-none-eabi/5.4.1/../../../../arm-none-eabi/lib/armv7e-m\libg_nano.a(lib_a-memcpy-stub.o)
                              c:/users/notebook/desktop/iti/turkey's/arm_stm32f401/tools/arm gcc/bin/../lib/gcc/arm-none-eabi/5.4.1/../../../../arm-none-eabi/lib/armv7e-m\libg_nano.a(lib_a-nano-svfprintf.o) (memcpy)
c:/users/notebook/desktop/iti/turkey's/arm_stm32f401/tools/arm gcc/bin/../lib/gcc/arm-none-eabi/5.4.1/../../../../arm-none-eabi/lib/armv7e-m\libg_nano.a(lib_a-memmove.o)
                              c:/users/notebook/desktop/iti/turkey's/arm_stm32f401/tools/arm gcc/bin/../lib/gcc/arm-none-eabi/5.4.1/../../../../arm-none-eabi/lib/armv7e-m\libg_nano.a(lib_a-nano-svfprintf.o) (memmove)
c:/users/notebook/desktop/iti/turkey's/arm_stm32f401/tools/arm gcc/bin/../lib/gcc/arm-none-eabi/5.4.1/../../../../arm-none-eabi/lib/armv7e-m\libg_nano.a(lib_a-nano-freer.o)
                              c:/users/notebook/desktop/iti/turkey's/arm_stm32f401/tools/arm gcc/bin/../lib/gcc/arm-none-eabi/5.4.1/../../../../arm-none-eabi/lib/armv7e-m\libg_nano.a(lib_a-nano-svfprintf.o) (_free_r)
c:/users/notebook/desktop/iti/turkey's/arm_stm32f401/tools/arm gcc/bin/../lib/gcc/arm-none-eabi/5.4.1/../../../../arm-none-eabi/lib/armv7e-m\libg_nano.a(lib_a-nano-mallocr.o)
                              c:/users/notebook/desktop/iti/turkey's/arm_stm32f401/tools/arm gcc/bin/../lib/gcc/arm-none-eabi/5.4.1/../../../../arm-none-eabi/lib/armv7e-m\libg_nano.a(lib_a-nano-svfprintf.o) (_malloc_r)
c:/users/notebook/desktop/iti/turkey's/arm_stm32f401/tools/arm gcc/bin/../lib/gcc/arm-none-eabi/5.4.1/../../../../arm-none-eabi/lib/armv7e-m\libg_nano.a(lib_a-nano-reallocr.o)
[...]
Memory Configuration

Name             Origin             Length             Attributes
RAM              0x20000000         0x00010000         xrw
CCMRAM           0x10000000         0x00000000         xrw
FLASH            0x08000000         0x00100000         xr
FLASHB1          0x00000000         0x00000000         xr
EXTMEMB0         0x00000000         0x00000000         xr
EXTMEMB1         0x00000000         0x00000000         xr
EXTMEMB2         0x00000000         0x00000000         xr
EXTMEMB3         0x00000000         0x00000000         xr
*default*        0x00000000         0xffffffff

Linker script and memory map

LOAD ./system/src/newlib/_cxx.o
LOAD ./system/src/newlib/_exit.o
LOAD ./system/src/newlib/_sbrk.o
LOAD ./system/src/newlib/_startup.o
LOAD ./system/src/newlib/_syscalls.o
LOAD ./system/src/newlib/assert.o
LOAD ./system/src/diag/Trace.o
LOAD ./system/src/diag/trace_impl.o
LOAD ./system/src/cortexm/_initialize_hardware.o
LOAD ./system/src/cortexm/_reset_hardware.o
LOAD ./system/src/cortexm/exception_handlers.o
LOAD ./system/src/cmsis/system_stm32f4xx.o
LOAD ./system/src/cmsis/vectors_stm32f401xc.o
LOAD ./src/Sched/Sched.o
LOAD ./src/Sched/Sched_Config.o
LOAD ./src/MCAL/UART/UART.o
LOAD ./src/MCAL/SYSTICK/SYSTICK.o
LOAD ./src/MCAL/RCC/RCC.o
LOAD ./src/MCAL/NVIC/NVIC.o
LOAD ./src/MCAL/GPIO/GPIO.o
LOAD ./src/HAL/SWITCH/SW.o
LOAD ./src/HAL/SWITCH/SW_config.o
LOAD ./src/HAL/LED/LED.o
LOAD ./src/HAL/LED/LED_Config.o
LOAD ./src/HAL/LCD/LCD.o
LOAD ./src/HAL/LCD/LCD_Config.o
LOAD ./src/HAL/H_UART/HUART.o
LOAD ./src/APP_TEST/LCD/DigitalWatch.o
LOAD ./src/APP_TEST/LCD/Display.o
LOAD ./src/APP_TEST/LCD/LCD_Test.o
LOAD ./src/APP_TEST/LCD/Processing.o
LOAD ./src/APP_TEST/LCD/StopWatch_Runnable.o
LOAD ./src/APP_TEST/LCD/Switch_App.o
LOAD ./src/APP_TEST/LCD/main.o
LOAD c:/users/notebook/desktop/iti/turkey's/arm_stm32f401/tools/arm gcc/bin/../lib/gcc/arm-none-eabi/5.4.1/../../../../arm-none-eabi/lib/armv7e-m\libstdc++_nano.a
LOAD c:/users/notebook/desktop/iti/turkey's/arm_stm32f401/tools/arm gcc/bin/../lib/gcc/arm-none-eabi/5.4.1/../../../../arm-none-eabi/lib/armv7e-m\libm.a
START GROUP
LOAD c:/users/notebook/desktop/iti/turkey's/arm_stm32f401/tools/arm gcc/bin/../lib/gcc/arm-none-eabi/5.4.1/armv7e-m\libgcc.a
LOAD c:/users/notebook/desktop/iti/turkey's/arm_stm32f401/tools/arm gcc/bin/../lib/gcc/arm-none-eabi/5.4.1/../../../../arm-none-eabi/lib/armv7e-m\libg_nano.a
LOAD c:/users/notebook/desktop/iti/turkey's/arm_stm32f401/tools/arm gcc/bin/../lib/gcc/arm-none-eabi/5.4.1/../../../../arm-none-eabi/lib/armv7e-m\libc_nano.a
END GROUP
START GROUP
LOAD c:/users/notebook/desktop/iti/turkey's/arm_stm32f401/tools/arm gcc/bin/../lib/gcc/arm-none-eabi/5.4.1/armv7e-m\libgcc.a
LOAD c:/users/notebook/desktop/iti/turkey's/arm_stm32f401/tools/arm gcc/bin/../lib/gcc/arm-none-eabi/5.4.1/../../../../arm-none-eabi/lib/armv7e-m\libc_nano.a
END GROUP
                0x20010000                __stack = (ORIGIN (RAM) + LENGTH (RAM))
                0x20010000                _estack = __stack
                0x00000400                __Main_Stack_Size = 0x400
                [!provide]                PROVIDE (_Main_Stack_Size, __Main_Stack_Size)
                0x2000fc00                __Main_Stack_Limit = (__stack - __Main_Stack_Size)
                [!provide]                PROVIDE (_Main_Stack_Limit, __Main_Stack_Limit)
                0x00000100                _Minimum_Stack_Size = 0x100
                0x2000061c                PROVIDE (_Heap_Begin, _end_noinit)
                0x2000fc00                PROVIDE (_Heap_Limit, (__stack - __Main_Stack_Size))

.isr_vector     0x08000000      0x3f8
 FILL mask 0xff
                0x08000000                __vectors_start = ABSOLUTE (.)
                0x08000000                __vectors_start__ = ABSOLUTE (.)
 *(.isr_vector)
 .isr_vector    0x08000000      0x194 ./system/src/cmsis/vectors_stm32f401xc.o
                0x08000000                __isr_vectors
 *(.cfmconfig)
 *(.after_vectors .after_vectors.*)
 .after_vectors
                0x08000194      0x130 ./system/src/newlib/_startup.o
                0x08000194                _start
 .after_vectors
                0x080002c4      0x130 ./system/src/cortexm/exception_handlers.o
                0x080002c4                Reset_Handler
                0x080002cc                NMI_Handler
                0x080002d0                HardFault_Handler
                0x080002e4                HardFault_Handler_C
                0x08000344                MemManage_Handler
                0x08000348                BusFault_Handler
                0x0800035c                BusFault_Handler_C
                0x08000390                UsageFault_Handler
                0x080003a4                UsageFault_Handler_C
                0x080003d8                SVC_Handler
                0x080003dc                DebugMon_Handler
                0x080003e0                PendSV_Handler
 .after_vectors
                0x080003f4        0x4 ./system/src/cmsis/vectors_stm32f401xc.o
                0x080003f4                RTC_Alarm_IRQHandler
                0x080003f4                EXTI2_IRQHandler
                0x080003f4                SPI4_IRQHandler
                0x080003f4                TIM1_CC_IRQHandler
                0x080003f4                DMA2_Stream5_IRQHandler
                0x080003f4                DMA1_Stream5_IRQHandler
                0x080003f4                PVD_IRQHandler
                0x080003f4                SDIO_IRQHandler
                0x080003f4                TAMP_STAMP_IRQHandler
                0x080003f4                EXTI3_IRQHandler
                0x080003f4                TIM1_UP_TIM10_IRQHandler
                0x080003f4                I2C3_ER_IRQHandler
                0x080003f4                EXTI0_IRQHandler
                0x080003f4                I2C2_EV_IRQHandler
                0x080003f4                DMA1_Stream2_IRQHandler
                0x080003f4                FPU_IRQHandler
                0x080003f4                DMA2_Stream2_IRQHandler
                0x080003f4                SPI1_IRQHandler
                0x080003f4                TIM1_BRK_TIM9_IRQHandler
                0x080003f4                DMA2_Stream3_IRQHandler
                0x080003f4                USART6_IRQHandler
                0x080003f4                DMA2_Stream0_IRQHandler
                0x080003f4                TIM4_IRQHandler
                0x080003f4                I2C1_EV_IRQHandler
                0x080003f4                DMA1_Stream6_IRQHandler
                0x080003f4                DMA1_Stream1_IRQHandler
                0x080003f4                TIM3_IRQHandler
                0x080003f4                RCC_IRQHandler
                0x080003f4                Default_Handler
                0x080003f4                EXTI15_10_IRQHandler
                0x080003f4                ADC_IRQHandler
                0x080003f4                DMA1_Stream7_IRQHandler
                0x080003f4                TIM5_IRQHandler
                0x080003f4                DMA2_Stream7_IRQHandler
                0x080003f4                I2C3_EV_IRQHandler
                0x080003f4                EXTI9_5_IRQHandler
                0x080003f4                RTC_WKUP_IRQHandler
                0x080003f4                SPI2_IRQHandler
                0x080003f4                DMA1_Stream0_IRQHandler
                0x080003f4                EXTI4_IRQHandler
                0x080003f4                WWDG_IRQHandler
                0x080003f4                TIM2_IRQHandler
                0x080003f4                OTG_FS_WKUP_IRQHandler
                0x080003f4                TIM1_TRG_COM_TIM11_IRQHandler
                0x080003f4                EXTI1_IRQHandler
                0x080003f4                USART2_IRQHandler
                0x080003f4                I2C2_ER_IRQHandler
                0x080003f4                DMA2_Stream1_IRQHandler
                0x080003f4                FLASH_IRQHandler
                0x080003f4                DMA2_Stream4_IRQHandler
                0x080003f4                OTG_FS_IRQHandler
                0x080003f4                SPI3_IRQHandler
                0x080003f4                DMA1_Stream4_IRQHandler
                0x080003f4                I2C1_ER_IRQHandler
                0x080003f4                DMA2_Stream6_IRQHandler
                0x080003f4                DMA1_Stream3_IRQHandler

.inits          0x080003f8       0x28
                0x080003f8                __data_regions_array_start = .
                0x080003f8        0x4 LONG 0x8002e68 LOADADDR (.data)
                0x080003fc        0x4 LONG 0x20000000 ADDR (.data)
                0x08000400        0x4 LONG 0x20000288 (ADDR (.data) + SIZEOF (.data))
                0x08000404        0x4 LONG 0x8002e68 LOADADDR (.data_CCMRAM)
                0x08000408        0x4 LONG 0x10000000 ADDR (.data_CCMRAM)
                0x0800040c        0x4 LONG 0x10000000 (ADDR (.data_CCMRAM) + SIZEOF (.data_CCMRAM))
                0x08000410                __data_regions_array_end = .
                0x08000410                __bss_regions_array_start = .
                0x08000410        0x4 LONG 0x20000288 ADDR (.bss)
                0x08000414        0x4 LONG 0x2000061c (ADDR (.bss) + SIZEOF (.bss))
                0x08000418        0x4 LONG 0x10000000 ADDR (.bss_CCMRAM)
                0x0800041c        0x4 LONG 0x10000000 (ADDR (.bss_CCMRAM) + SIZEOF (.bss_CCMRAM))
                0x08000420                __bss_regions_array_end = .
 *(.init)
 *(.fini)
                0x08000420                . = ALIGN (0x4)
                0x08000420                PROVIDE (__preinit_array_start, .)
 *(.preinit_array_sysinit .preinit_array_sysinit.*)
 *(.preinit_array_platform .preinit_array_platform.*)
 *(.preinit_array .preinit_array.*)
                0x08000420                PROVIDE (__preinit_array_end, .)
                0x08000420                . = ALIGN (0x4)
                0x08000420                PROVIDE (__init_array_start, .)
 *(SORT(.init_array.*))
 *(.init_array)
                0x08000420                PROVIDE (__init_array_end, .)
                0x08000420                . = ALIGN (0x4)
                0x08000420                PROVIDE (__fini_array_start, .)
 *(SORT(.fini_array.*))
 *(.fini_array)
                0x08000420                PROVIDE (__fini_array_end, .)

.flashtext
 *(.flashtext .flashtext.*)

.text           0x08000420     0x2a3f
 *(.text .text.*)
 .text._exit    0x08000420        0x4 ./system/src/newlib/_exit.o
                0x08000420                _exit
 .text._sbrk    0x08000424       0x44 ./system/src/newlib/_sbrk.o
                0x08000424                _sbrk
 .text.__initialize_args
                0x08000468       0x10 ./system/src/newlib/_syscalls.o
                0x08000468                __initialize_args
 .text.trace_printf
                0x08000478       0x30 ./system/src/diag/Trace.o
                0x08000478                trace_printf
 .text._trace_write_semihosting_debug
                0x080004a8       0x64 ./system/src/diag/trace_impl.o
 .text.trace_write
                0x0800050c        0x8 ./system/src/diag/trace_impl.o
                0x0800050c                trace_write
 .text.__initialize_hardware_early
                0x08000514       0x18 ./system/src/cortexm/_initialize_hardware.o
                0x08000514                __initialize_hardware_early
 .text.__initialize_hardware
                0x0800052c        0x8 ./system/src/cortexm/_initialize_hardware.o
                0x0800052c                __initialize_hardware
 .text.dumpExceptionStack
                0x08000534       0xf0 ./system/src/cortexm/exception_handlers.o
                0x08000534                dumpExceptionStack
 .text.isSemihosting
                0x08000624       0x20 ./system/src/cortexm/exception_handlers.o
                0x08000624                isSemihosting
 .text.SystemInit
                0x08000644       0x40 ./system/src/cmsis/system_stm32f4xx.o
                0x08000644                SystemInit
 .text.SystemCoreClockUpdate
                0x08000684       0xa0 ./system/src/cmsis/system_stm32f4xx.o
                0x08000684                SystemCoreClockUpdate
 .text.Sched    0x08000724       0x40 ./src/Sched/Sched.o
 .text.Sched_init
                0x08000764       0x44 ./src/Sched/Sched.o
                0x08000764                Sched_init
 .text.Sched_Start
                0x080007a8       0x20 ./src/Sched/Sched.o
                0x080007a8                Sched_Start
 .text.UART_Init
                0x080007c8       0x24 ./src/MCAL/UART/UART.o
                0x080007c8                UART_Init
 .text.UART_TxBufferAsync
                0x080007ec       0x30 ./src/MCAL/UART/UART.o
                0x080007ec                UART_TxBufferAsync
 .text.UART_RxBufferAsync
                0x0800081c       0x2c ./src/MCAL/UART/UART.o
                0x0800081c                UART_RxBufferAsync
 .text.USART1_IRQHandler
                0x08000848       0x88 ./src/MCAL/UART/UART.o
                0x08000848                USART1_IRQHandler
 .text.STK_Init
                0x080008d0       0x2c ./src/MCAL/SYSTICK/SYSTICK.o
                0x080008d0                STK_Init
 .text.STK_SetTime_ms
                0x080008fc       0x24 ./src/MCAL/SYSTICK/SYSTICK.o
                0x080008fc                STK_SetTime_ms
 .text.STK_EnableInterrupt
                0x08000920       0x10 ./src/MCAL/SYSTICK/SYSTICK.o
                0x08000920                STK_EnableInterrupt
 .text.STK_Start
                0x08000930       0x14 ./src/MCAL/SYSTICK/SYSTICK.o
                0x08000930                STK_Start
 .text.STK_SetCallBack
                0x08000944       0x14 ./src/MCAL/SYSTICK/SYSTICK.o
                0x08000944                STK_SetCallBack
 .text.SysTick_Handler
                0x08000958       0x10 ./src/MCAL/SYSTICK/SYSTICK.o
                0x08000958                SysTick_Handler
 .text.RCC_EnableSystemClock
                0x08000968       0x54 ./src/MCAL/RCC/RCC.o
                0x08000968                RCC_EnableSystemClock
 .text.RCC_SelectSystemClock
                0x080009bc       0xac ./src/MCAL/RCC/RCC.o
                0x080009bc                RCC_SelectSystemClock
 .text.RCC_EnablePeripheral
                0x08000a68       0x78 ./src/MCAL/RCC/RCC.o
                0x08000a68                RCC_EnablePeripheral
 .text.NVIC_EnableIRQ
                0x08000ae0       0x24 ./src/MCAL/NVIC/NVIC.o
                0x08000ae0                NVIC_EnableIRQ
 .text.GPIO_initPin
                0x08000b04       0x88 ./src/MCAL/GPIO/GPIO.o
                0x08000b04                GPIO_initPin
 .text.GPIO_GetPinValue
                0x08000b8c       0x2c ./src/MCAL/GPIO/GPIO.o
                0x08000b8c                GPIO_GetPinValue
 .text.GPIO_SetPinValue
                0x08000bb8       0x38 ./src/MCAL/GPIO/GPIO.o
                0x08000bb8                GPIO_SetPinValue
 .text.GPIO_SetPinAF
                0x08000bf0       0x4c ./src/MCAL/GPIO/GPIO.o
                0x08000bf0                GPIO_SetPinAF
 .text.SW_Init  0x08000c3c       0x38 ./src/HAL/SWITCH/SW.o
                0x08000c3c                SW_Init
 .text.SW_GetState
                0x08000c74       0x74 ./src/HAL/SWITCH/SW.o
                0x08000c74                SW_GetState
 .text.SW_GetSwitchState
                0x08000ce8        0xc ./src/HAL/SWITCH/SW.o
                0x08000ce8                SW_GetSwitchState
 .text.LED_init
                0x08000cf4       0x3c ./src/HAL/LED/LED.o
                0x08000cf4                LED_init
 .text.InitializeTheBufferRquest
                0x08000d30       0x20 ./src/HAL/LCD/LCD.o
 .text.LCD_WriteCommand
                0x08000d50       0xac ./src/HAL/LCD/LCD.o
 .text.LCD_initSm
                0x08000dfc       0xac ./src/HAL/LCD/LCD.o
 .text.ClearProcess
                0x08000ea8       0x2c ./src/HAL/LCD/LCD.o
 .text.SetPositionProcess
                0x08000ed4       0x4c ./src/HAL/LCD/LCD.o
 .text.LCD_WriteCharacter_Process
                0x08000f20       0xb4 ./src/HAL/LCD/LCD.o
 .text.WriteStringProcess
                0x08000fd4       0x4c ./src/HAL/LCD/LCD.o
 .text.LCD_WriteNumber_Process
                0x08001020       0xe0 ./src/HAL/LCD/LCD.o
 .text.LCD_Init
                0x08001100       0x50 ./src/HAL/LCD/LCD.o
                0x08001100                LCD_Init
 .text.LCD_WriteString
                0x08001150       0x60 ./src/HAL/LCD/LCD.o
                0x08001150                LCD_WriteString
 .text.LCD_ClearScreen
                0x080011b0       0x58 ./src/HAL/LCD/LCD.o
                0x080011b0                LCD_ClearScreen
 .text.LCD_SetPosition
                0x08001208       0x60 ./src/HAL/LCD/LCD.o
                0x08001208                LCD_SetPosition
 .text.LCD_WriteNumber
                0x08001268       0x60 ./src/HAL/LCD/LCD.o
                0x08001268                LCD_WriteNumber
 .text.LCD_TASK
                0x080012c8       0xb8 ./src/HAL/LCD/LCD.o
                0x080012c8                LCD_TASK
 .text.Tx_Done  0x08001380        0xc ./src/HAL/H_UART/HUART.o
                0x08001380                Tx_Done
 .text.CheckSum
                0x0800138c       0x1c ./src/HAL/H_UART/HUART.o
                0x0800138c                CheckSum
 .text.ALIX_SendAsync
                0x080013a8       0x48 ./src/HAL/H_UART/HUART.o
                0x080013a8                ALIX_SendAsync
 .text.ALIX_RecieveAsync
                0x080013f0       0x68 ./src/HAL/H_UART/HUART.o
                0x080013f0                ALIX_RecieveAsync
 .text.Rx_Done  0x08001458       0x18 ./src/HAL/H_UART/HUART.o
                0x08001458                Rx_Done
 .text.H_UART_init
                0x08001470       0x68 ./src/HAL/H_UART/HUART.o
                0x08001470                H_UART_init
 .text.BoundariesChecking
                0x080014d8       0x78 ./src/APP_TEST/LCD/DigitalWatch.o
 .text.DigitalWatchCalc
                0x08001550      0x148 ./src/APP_TEST/LCD/DigitalWatch.o
                0x08001550                DigitalWatchCalc
 .text.SetCursorPosition
                0x08001698       0x3c ./src/APP_TEST/LCD/Display.o
 .text.HandleTimeEdit
                0x080016d4       0xfc ./src/APP_TEST/LCD/Display.o
 .text.HandleLine1Movement
                0x080017d0       0x44 ./src/APP_TEST/LCD/Display.o
 .text.HandleDayShiftEdit
                0x08001814       0x30 ./src/APP_TEST/LCD/Display.o
 .text.HandleLine0Movement
                0x08001844       0x4c ./src/APP_TEST/LCD/Display.o
 .text.ResetCursorPosition
                0x08001890       0x34 ./src/APP_TEST/LCD/Display.o
 .text.initDigitalWatchData
                0x080018c4       0x30 ./src/APP_TEST/LCD/Display.o
 .text.initStopWatchData
                0x080018f4       0x2c ./src/APP_TEST/LCD/Display.o
 .text.DigitalWatchDisplay
                0x08001920      0x27c ./src/APP_TEST/LCD/Display.o
 .text.StopWatchDisplay
                0x08001b9c       0xc4 ./src/APP_TEST/LCD/Display.o
 .text.Display  0x08001c60       0xac ./src/APP_TEST/LCD/Display.o
                0x08001c60                Display
 .text.main     0x08001d0c       0x4c ./src/APP_TEST/LCD/LCD_Test.o
                0x08001d0c                main
 .text.Processing
                0x08001d58      0x13c ./src/APP_TEST/LCD/Processing.o
                0x08001d58                Processing
 .text.Clock_Process
                0x08001e94       0x58 ./src/APP_TEST/LCD/StopWatch_Runnable.o
 .text.StopWatch_Process
                0x08001eec       0x2c ./src/APP_TEST/LCD/StopWatch_Runnable.o
                0x08001eec                StopWatch_Process
 .text.Switch_APP
                0x08001f18       0xc0 ./src/APP_TEST/LCD/Switch_App.o
                0x08001f18                Switch_APP
 .text          0x08001fd8       0x30 c:/users/notebook/desktop/iti/turkey's/arm_stm32f401/tools/arm gcc/bin/../lib/gcc/arm-none-eabi/5.4.1/armv7e-m\libgcc.a(_aeabi_uldivmod.o)
                0x08001fd8                __aeabi_uldivmod
 .text          0x08002008      0x2e4 c:/users/notebook/desktop/iti/turkey's/arm_stm32f401/tools/arm gcc/bin/../lib/gcc/arm-none-eabi/5.4.1/armv7e-m\libgcc.a(_udivmoddi4.o)
                0x08002008                __udivmoddi4
 .text          0x080022ec        0x4 c:/users/notebook/desktop/iti/turkey's/arm_stm32f401/tools/arm gcc/bin/../lib/gcc/arm-none-eabi/5.4.1/armv7e-m\libgcc.a(_dvmd_tls.o)
                0x080022ec                __aeabi_idiv0
                0x080022ec                __aeabi_ldiv0
 .text.__errno  0x080022f0        0xc c:/users/notebook/desktop/iti/turkey's/arm_stm32f401/tools/arm gcc/bin/../lib/gcc/arm-none-eabi/5.4.1/../../../../arm-none-eabi/lib/armv7e-m\libg_nano.a(lib_a-errno.o)
                0x080022f0                __errno
 .text._vsnprintf_r
                0x080022fc       0x56 c:/users/notebook/desktop/iti/turkey's/arm_stm32f401/tools/arm gcc/bin/../lib/gcc/arm-none-eabi/5.4.1/../../../../arm-none-eabi/lib/armv7e-m\libg_nano.a(lib_a-vsnprintf.o)
                0x080022fc                _vsniprintf_r
                0x080022fc                _vsnprintf_r
 *fill*         0x08002352        0x2 
 .text.vsnprintf
                0x08002354       0x1c c:/users/notebook/desktop/iti/turkey's/arm_stm32f401/tools/arm gcc/bin/../lib/gcc/arm-none-eabi/5.4.1/../../../../arm-none-eabi/lib/armv7e-m\libg_nano.a(lib_a-vsnprintf.o)
                0x08002354                vsniprintf
                0x08002354                vsnprintf
 .text.__ssputs_r
                0x08002370       0xb2 c:/users/notebook/desktop/iti/turkey's/arm_stm32f401/tools/arm gcc/bin/../lib/gcc/arm-none-eabi/5.4.1/../../../../arm-none-eabi/lib/armv7e-m\libg_nano.a(lib_a-nano-svfprintf.o)
                0x08002370                __ssputs_r
 *fill*         0x08002422        0x2 
 .text._svfprintf_r
                0x08002424      0x1e8 c:/users/notebook/desktop/iti/turkey's/arm_stm32f401/tools/arm gcc/bin/../lib/gcc/arm-none-eabi/5.4.1/../../../../arm-none-eabi/lib/armv7e-m\libg_nano.a(lib_a-nano-svfprintf.o)
                0x08002424                _svfiprintf_r
                0x08002424                _svfprintf_r
 .text._printf_common
                0x0800260c       0xec c:/users/notebook/desktop/iti/turkey's/arm_stm32f401/tools/arm gcc/bin/../lib/gcc/arm-none-eabi/5.4.1/../../../../arm-none-eabi/lib/armv7e-m\libg_nano.a(lib_a-nano-vfprintf_i.o)
                0x0800260c                _printf_common
 .text._printf_i
                0x080026f8      0x24c c:/users/notebook/desktop/iti/turkey's/arm_stm32f401/tools/arm gcc/bin/../lib/gcc/arm-none-eabi/5.4.1/../../../../arm-none-eabi/lib/armv7e-m\libg_nano.a(lib_a-nano-vfprintf_i.o)
                0x080026f8                _printf_i
 *fill*         0x08002944        0xc 
 .text          0x08002950       0xa0 c:/users/notebook/desktop/iti/turkey's/arm_stm32f401/tools/arm gcc/bin/../lib/gcc/arm-none-eabi/5.4.1/../../../../arm-none-eabi/lib/armv7e-m\libg_nano.a(lib_a-memchr.o)
                0x08002950                memchr
 .text.memcpy   0x080029f0       0x16 c:/users/notebook/desktop/iti/turkey's/arm_stm32f401/tools/arm gcc/bin/../lib/gcc/arm-none-eabi/5.4.1/../../../../arm-none-eabi/lib/armv7e-m\libg_nano.a(lib_a-memcpy-stub.o)
                0x080029f0                memcpy
 .text.memmove  0x08002a06       0x36 c:/users/notebook/desktop/iti/turkey's/arm_stm32f401/tools/arm gcc/bin/../lib/gcc/arm-none-eabi/5.4.1/../../../../arm-none-eabi/lib/armv7e-m\libg_nano.a(lib_a-memmove.o)
                0x08002a06                memmove
 .text._free_r  0x08002a3c       0x9c c:/users/notebook/desktop/iti/turkey's/arm_stm32f401/tools/arm gcc/bin/../lib/gcc/arm-none-eabi/5.4.1/../../../../arm-none-eabi/lib/armv7e-m\libg_nano.a(lib_a-nano-freer.o)
                0x08002a3c                _free_r
 .text._malloc_r
                0x08002ad8       0xbc c:/users/notebook/desktop/iti/turkey's/arm_stm32f401/tools/arm gcc/bin/../lib/gcc/arm-none-eabi/5.4.1/../../../../arm-none-eabi/lib/armv7e-m\libg_nano.a(lib_a-nano-mallocr.o)
                0x08002ad8                _malloc_r
 .text._realloc_r
                0x08002b94       0x4c c:/users/notebook/desktop/iti/turkey's/arm_stm32f401/tools/arm gcc/bin/../lib/gcc/arm-none-eabi/5.4.1/../../../../arm-none-eabi/lib/armv7e-m\libg_nano.a(lib_a-nano-reallocr.o)
                0x08002b94                _realloc_r
 .text._sbrk_r  0x08002be0       0x20 c:/users/notebook/desktop/iti/turkey's/arm_stm32f401/tools/arm gcc/bin/../lib/gcc/arm-none-eabi/5.4.1/../../../../arm-none-eabi/lib/armv7e-m\libg_nano.a(lib_a-sbrkr.o)
                0x08002be0                _sbrk_r
 .text.__malloc_lock
                0x08002c00        0x2 c:/users/notebook/desktop/iti/turkey's/arm_stm32f401/tools/arm gcc/bin/../lib/gcc/arm-none-eabi/5.4.1/../../../../arm-none-eabi/lib/armv7e-m\libg_nano.a(lib_a-mlock.o)
                0x08002c00                __malloc_lock
 .text.__malloc_unlock
                0x08002c02        0x2 c:/users/notebook/desktop/iti/turkey's/arm_stm32f401/tools/arm gcc/bin/../lib/gcc/arm-none-eabi/5.4.1/../../../../arm-none-eabi/lib/armv7e-m\libg_nano.a(lib_a-mlock.o)
                0x08002c02                __malloc_unlock
 .text._malloc_usable_size_r
                0x08002c04       0x14 c:/users/notebook/desktop/iti/turkey's/arm_stm32f401/tools/arm gcc/bin/../lib/gcc/arm-none-eabi/5.4.1/../../../../arm-none-eabi/lib/armv7e-m\libg_nano.a(lib_a-nano-msizer.o)
                0x08002c04                _malloc_usable_size_r
 *(.rodata .rodata.* .constdata .constdata.*)
 .rodata.str1.4
                0x08002c18      0x146 ./system/src/cortexm/exception_handlers.o
 *fill*         0x08002d5e        0x2 
 .rodata.AHBPrescTable
                0x08002d60       0x10 ./system/src/cmsis/system_stm32f4xx.o
                0x08002d60                AHBPrescTable
 .rodata.str1.4
                0x08002d70       0x56 ./src/Sched/Sched_Config.o
 *fill*         0x08002dc6        0x2 
 .rodata.LEDS   0x08002dc8        0xc ./src/HAL/LED/LED_Config.o
                0x08002dc8                LEDS
 .rodata        0x08002dd4       0x20 ./src/HAL/H_UART/HUART.o
 .rodata.str1.4
                0x08002df4       0x28 ./src/APP_TEST/LCD/DigitalWatch.o
 .rodata.str1.4
                0x08002e1c       0x10 ./src/APP_TEST/LCD/Display.o
                                  0xe (size before relaxing)
 .rodata.str1.1
                0x08002e2c       0x11 c:/users/notebook/desktop/iti/turkey's/arm_stm32f401/tools/arm gcc/bin/../lib/gcc/arm-none-eabi/5.4.1/../../../../arm-none-eabi/lib/armv7e-m\libg_nano.a(lib_a-nano-svfprintf.o)
 .rodata.str1.1
                0x08002e3d       0x22 c:/users/notebook/desktop/iti/turkey's/arm_stm32f401/tools/arm gcc/bin/../lib/gcc/arm-none-eabi/5.4.1/../../../../arm-none-eabi/lib/armv7e-m\libg_nano.a(lib_a-nano-vfprintf_i.o)
 *(vtable)
 *(.eh_frame*)
 *(.glue_7)
 .glue_7        0x08002e5f        0x0 linker stubs
 *(.glue_7t)
 .glue_7t       0x08002e5f        0x0 linker stubs

.vfp11_veneer   0x08002e60        0x0
 .vfp11_veneer  0x08002e60        0x0 linker stubs

.v4_bx          0x08002e60        0x0
 .v4_bx         0x08002e60        0x0 linker stubs

.iplt           0x08002e60        0x0
 .iplt          0x08002e60        0x0 ./system/src/newlib/_cxx.o

.ARM.extab
 *(.ARM.extab* .gnu.linkonce.armextab.*)
                0x08002e60                . = ALIGN (0x4)
                0x08002e60                __exidx_start = .

.ARM.exidx      0x08002e60        0x8
 *(.ARM.exidx* .gnu.linkonce.armexidx.*)
 .ARM.exidx     0x08002e60        0x8 c:/users/notebook/desktop/iti/turkey's/arm_stm32f401/tools/arm gcc/bin/../lib/gcc/arm-none-eabi/5.4.1/armv7e-m\libgcc.a(_udivmoddi4.o)
                0x08002e68                __exidx_end = .

.rel.dyn        0x08002e68        0x0
 .rel.iplt      0x08002e68        0x0 ./system/src/newlib/_cxx.o
                0x08002e68                . = ALIGN (0x4)
                0x08002e68                _etext = .
                0x08002e68                __etext = .

.data_CCMRAM    0x10000000        0x0 load address 0x08002e68
 FILL mask 0xff
 *(.data.CCMRAM .data.CCMRAM.*)
                0x10000000                . = ALIGN (0x4)
                0x08002e68                _sidata = LOADADDR (.data)

.data           0x20000000      0x288 load address 0x08002e68
 FILL mask 0xff
                0x20000000                _sdata = .
                0x20000000                __data_start__ = .
 *(.data_begin .data_begin.*)
 .data_begin    0x20000000        0x4 ./system/src/newlib/_startup.o
 *(.data .data.*)
 .data.argv.4290
                0x20000004        0x8 ./system/src/newlib/_syscalls.o
 .data.SystemCoreClock
                0x2000000c        0x4 ./system/src/cmsis/system_stm32f4xx.o
                0x2000000c                SystemCoreClock
 .data.Runnables_Arr
                0x20000010       0x8c ./src/Sched/Sched_Config.o
                0x20000010                Runnables_Arr
 .data.Switches
                0x2000009c       0x54 ./src/HAL/SWITCH/SW_config.o
                0x2000009c                Switches
 .data.initSm_State.3862
                0x200000f0        0x1 ./src/HAL/LCD/LCD.o
 .data.CommandState
                0x200000f1        0x1 ./src/HAL/LCD/LCD.o
                0x200000f1                CommandState
 .data.WriteCharState
                0x200000f2        0x1 ./src/HAL/LCD/LCD.o
                0x200000f2                WriteCharState
 *fill*         0x200000f3        0x1 ff
 .data.LCD_ARRAY
                0x200000f4       0xb0 ./src/HAL/LCD/LCD_Config.o
                0x200000f4                LCD_ARRAY
 .data.Tx_State
                0x200001a4        0x1 ./src/HAL/H_UART/HUART.o
                0x200001a4                Tx_State
 .data.Rx_State
                0x200001a5        0x1 ./src/HAL/H_UART/HUART.o
                0x200001a5                Rx_State
 *fill*         0x200001a6        0x2 ff
 .data.DigitalWatchData
                0x200001a8       0x3c ./src/APP_TEST/LCD/DigitalWatch.o
                0x200001a8                DigitalWatchData
 .data.DigitlWatchShifts
                0x200001e4       0x24 ./src/APP_TEST/LCD/DigitalWatch.o
                0x200001e4                DigitlWatchShifts
 .data.StopWatchPrev
                0x20000208        0x6 ./src/APP_TEST/LCD/Display.o
                0x20000208                StopWatchPrev
 *fill*         0x2000020e        0x2 ff
 .data.StopWatchFirst
                0x20000210        0x4 ./src/APP_TEST/LCD/Display.o
                0x20000210                StopWatchFirst
 .data.MoveCursorState
                0x20000214        0x1 ./src/APP_TEST/LCD/Display.o
                0x20000214                MoveCursorState
 *fill*         0x20000215        0x3 ff
 .data.DigitalWatchFirst
                0x20000218        0x4 ./src/APP_TEST/LCD/Display.o
                0x20000218                DigitalWatchFirst
 .data.EditCurrentCursorFlag
                0x2000021c        0x1 ./src/APP_TEST/LCD/Display.o
                0x2000021c                EditCurrentCursorFlag
 .data.StopWatch_Req_Type
                0x2000021d        0x1 ./src/APP_TEST/LCD/StopWatch_Runnable.o
                0x2000021d                StopWatch_Req_Type
 *fill*         0x2000021e        0x2 ff
 .data.impure_data
                0x20000220       0x60 c:/users/notebook/desktop/iti/turkey's/arm_stm32f401/tools/arm gcc/bin/../lib/gcc/arm-none-eabi/5.4.1/../../../../arm-none-eabi/lib/armv7e-m\libg_nano.a(lib_a-impure.o)
 .data._impure_ptr
                0x20000280        0x4 c:/users/notebook/desktop/iti/turkey's/arm_stm32f401/tools/arm gcc/bin/../lib/gcc/arm-none-eabi/5.4.1/../../../../arm-none-eabi/lib/armv7e-m\libg_nano.a(lib_a-impure.o)
                0x20000280                _impure_ptr
 *(.data_end .data_end.*)
 .data_end      0x20000284        0x4 ./system/src/newlib/_startup.o
                0x20000288                . = ALIGN (0x4)
                0x20000288                _edata = .
                0x20000288                __data_end__ = .

.igot.plt       0x20000288        0x0 load address 0x080030f0
 .igot.plt      0x20000288        0x0 ./system/src/newlib/_cxx.o

.bss_CCMRAM     0x10000000        0x0
 *(.bss.CCMRAM .bss.CCMRAM.*)

.bss            0x20000288      0x394
                0x20000288                __bss_start__ = .
                0x20000288                _sbss = .
 *(.bss_begin .bss_begin.*)
 .bss_begin     0x20000288        0x4 ./system/src/newlib/_startup.o
 *(.bss .bss.*)
 .bss.current_heap_end.3974
                0x2000028c        0x4 ./system/src/newlib/_sbrk.o
 .bss.name.4289
                0x20000290        0x1 ./system/src/newlib/_syscalls.o
 *fill*         0x20000291        0x3 
 .bss.buf.5179  0x20000294       0x80 ./system/src/diag/Trace.o
 .bss.PendingTicks
                0x20000314        0x1 ./src/Sched/Sched.o
 *fill*         0x20000315        0x3 
 .bss.RxReq     0x20000318       0x14 ./src/MCAL/UART/UART.o
 .bss.TxReq     0x2000032c       0x14 ./src/MCAL/UART/UART.o
 .bss.App_CBF   0x20000340        0x4 ./src/MCAL/SYSTICK/SYSTICK.o
 .bss.Sw_StableState
                0x20000344        0x7 ./src/HAL/SWITCH/SW.o
 *fill*         0x2000034b        0x1 
 .bss.Counter.3746
                0x2000034c        0x7 ./src/HAL/SWITCH/SW.o
 *fill*         0x20000353        0x1 
 .bss.prev_state.3747
                0x20000354        0x7 ./src/HAL/SWITCH/SW.o
 .bss.LCDState  0x2000035b        0x1 ./src/HAL/LCD/LCD.o
                0x2000035b                LCDState
 .bss.indx.3905
                0x2000035c        0x1 ./src/HAL/LCD/LCD.o
 .bss.BufferCounter
                0x2000035d        0x1 ./src/HAL/LCD/LCD.o
                0x2000035d                BufferCounter
 .bss.indx.3920
                0x2000035e        0x1 ./src/HAL/LCD/LCD.o
 .bss.Flag.3919
                0x2000035f        0x1 ./src/HAL/LCD/LCD.o
 .bss.Servecounter.3852
                0x20000360        0x1 ./src/HAL/LCD/LCD.o
 *fill*         0x20000361        0x3 
 .bss.Buffer.3921
                0x20000364        0x4 ./src/HAL/LCD/LCD.o
 .bss.counter.3861
                0x20000368        0x1 ./src/HAL/LCD/LCD.o
 *fill*         0x20000369        0x7 
 .bss.Counter.3738
                0x20000370        0x8 ./src/APP_TEST/LCD/DigitalWatch.o
 .bss.X_CursorPosition
                0x20000378        0x1 ./src/APP_TEST/LCD/Display.o
                0x20000378                X_CursorPosition
 .bss.EditState
                0x20000379        0x1 ./src/APP_TEST/LCD/Display.o
                0x20000379                EditState
 .bss.CursCounter
                0x2000037a        0x1 ./src/APP_TEST/LCD/Display.o
                0x2000037a                CursCounter
 .bss.Y_CursorPosition
                0x2000037b        0x1 ./src/APP_TEST/LCD/Display.o
                0x2000037b                Y_CursorPosition
 .bss.GState    0x2000037c        0x1 ./src/APP_TEST/LCD/Processing.o
                0x2000037c                GState
 .bss.counter.3752
                0x2000037d        0x1 ./src/APP_TEST/LCD/Processing.o
 .bss.counter.3762
                0x2000037e        0x1 ./src/APP_TEST/LCD/Processing.o
 *fill*         0x2000037f        0x1 
 .bss.__malloc_sbrk_start
                0x20000380        0x4 c:/users/notebook/desktop/iti/turkey's/arm_stm32f401/tools/arm gcc/bin/../lib/gcc/arm-none-eabi/5.4.1/../../../../arm-none-eabi/lib/armv7e-m\libg_nano.a(lib_a-nano-mallocr.o)
                0x20000380                __malloc_sbrk_start
 .bss.__malloc_free_list
                0x20000384        0x4 c:/users/notebook/desktop/iti/turkey's/arm_stm32f401/tools/arm gcc/bin/../lib/gcc/arm-none-eabi/5.4.1/../../../../arm-none-eabi/lib/armv7e-m\libg_nano.a(lib_a-nano-mallocr.o)
                0x20000384                __malloc_free_list
 *(COMMON)
 COMMON         0x20000388        0x4 ./system/src/newlib/_syscalls.o
                0x20000388                errno
 COMMON         0x2000038c       0x1c ./src/Sched/Sched.o
                0x2000038c                RemainTimeMs
 COMMON         0x200003a8      0x258 ./src/HAL/LCD/LCD.o
                0x200003a8                RequestBuffer
 COMMON         0x20000600        0xc ./src/HAL/H_UART/HUART.o
                0x20000600                Tx_Frame
                0x20000604                Rx_Frame_Temp
                0x20000608                Rx_Frame
 COMMON         0x2000060c        0x4 ./src/APP_TEST/LCD/Processing.o
                0x2000060c                State
 COMMON         0x20000610        0x6 ./src/APP_TEST/LCD/StopWatch_Runnable.o
                0x20000610                Clock
 *(.bss_end .bss_end.*)
 *fill*         0x20000616        0x2 
 .bss_end       0x20000618        0x4 ./system/src/newlib/_startup.o
                0x2000061c                . = ALIGN (0x4)
                0x2000061c                __bss_end__ = .
                0x2000061c                _ebss = .

.noinit_CCMRAM
 *(.noinit.CCMRAM .noinit.CCMRAM.*)

.noinit         0x2000061c        0x0
                0x2000061c                _noinit = .
 *(.noinit .noinit.*)
                0x2000061c                . = ALIGN (0x4)
                0x2000061c                _end_noinit = .
                [!provide]                PROVIDE (end, _end_noinit)
                [!provide]                PROVIDE (_end, _end_noinit)
                [!provide]                PROVIDE (__end, _end_noinit)
                [!provide]                PROVIDE (__end__, _end_noinit)

._check_stack   0x2000061c      0x100
                0x2000071c                . = (. + _Minimum_Stack_Size)
 *fill*         0x2000061c      0x100 

.b1text
 *(.b1text)
 *(.b1rodata)
 *(.b1rodata.*)

.eb0text
 *(.eb0text)
 *(.eb0rodata)
 *(.eb0rodata.*)

.eb1text
 *(.eb1text)
 *(.eb1rodata)
 *(.eb1rodata.*)

.eb2text
 *(.eb2text)
 *(.eb2rodata)
 *(.eb2rodata.*)

.eb3text
 *(.eb3text)
 *(.eb3rodata)
 *(.eb3rodata.*)

.stab
 *(.stab)

.stabstr
 *(.stabstr)

.stab.excl
 *(.stab.excl)

.stab.exclstr
 *(.stab.exclstr)

.stab.index
 *(.stab.index)

.stab.indexstr
 *(.stab.indexstr)

.comment        0x00000000       0x6e
 *(.comment)
 .comment       0x00000000       0x6e ./system/src/newlib/_exit.o
                                 0x6f (size before relaxing)
 .comment       0x0000006e       0x6f ./system/src/newlib/_sbrk.o
 .comment       0x0000006e       0x6f ./system/src/newlib/_startup.o
 .comment       0x0000006e       0x6f ./system/src/newlib/_syscalls.o
 .comment       0x0000006e       0x6f ./system/src/diag/Trace.o
 .comment       0x0000006e       0x6f ./system/src/diag/trace_impl.o
 .comment       0x0000006e       0x6f ./system/src/cortexm/_initialize_hardware.o
 .comment       0x0000006e       0x6f ./system/src/cortexm/exception_handlers.o
 .comment       0x0000006e       0x6f ./system/src/cmsis/system_stm32f4xx.o
 .comment       0x0000006e       0x6f ./system/src/cmsis/vectors_stm32f401xc.o
 .comment       0x0000006e       0x6f ./src/Sched/Sched.o
 .comment       0x0000006e       0x6f ./src/Sched/Sched_Config.o
 .comment       0x0000006e       0x6f ./src/MCAL/UART/UART.o
 .comment       0x0000006e       0x6f ./src/MCAL/SYSTICK/SYSTICK.o
 .comment       0x0000006e       0x6f ./src/MCAL/RCC/RCC.o
 .comment       0x0000006e       0x6f ./src/MCAL/NVIC/NVIC.o
 .comment       0x0000006e       0x6f ./src/MCAL/GPIO/GPIO.o
 .comment       0x0000006e       0x6f ./src/HAL/SWITCH/SW.o
 .comment       0x0000006e       0x6f ./src/HAL/SWITCH/SW_config.o
 .comment       0x0000006e       0x6f ./src/HAL/LED/LED.o
 .comment       0x0000006e       0x6f ./src/HAL/LED/LED_Config.o
 .comment       0x0000006e       0x6f ./src/HAL/LCD/LCD.o
 .comment       0x0000006e       0x6f ./src/HAL/LCD/LCD_Config.o
 .comment       0x0000006e       0x6f ./src/HAL/H_UART/HUART.o
 .comment       0x0000006e       0x6f ./src/APP_TEST/LCD/DigitalWatch.o
 .comment       0x0000006e       0x6f ./src/APP_TEST/LCD/Display.o
 .comment       0x0000006e       0x6f ./src/APP_TEST/LCD/LCD_Test.o
 .comment       0x0000006e       0x6f ./src/APP_TEST/LCD/Processing.o
 .comment       0x0000006e       0x6f ./src/APP_TEST/LCD/StopWatch_Runnable.o
 .comment       0x0000006e       0x6f ./src/APP_TEST/LCD/Switch_App.o

.ARM.attributes
                0x00000000       0x31
 .ARM.attributes
                0x00000000       0x33 ./system/src/newlib/_exit.o
 .ARM.attributes
                0x00000033       0x33 ./system/src/newlib/_sbrk.o
 .ARM.attributes
                0x00000066       0x33 ./system/src/newlib/_startup.o
 .ARM.attributes
                0x00000099       0x33 ./system/src/newlib/_syscalls.o
 .ARM.attributes
                0x000000cc       0x33 ./system/src/diag/Trace.o
 .ARM.attributes
                0x000000ff       0x33 ./system/src/diag/trace_impl.o
 .ARM.attributes
                0x00000132       0x33 ./system/src/cortexm/_initialize_hardware.o
 .ARM.attributes
                0x00000165       0x33 ./system/src/cortexm/exception_handlers.o
 .ARM.attributes
                0x00000198       0x33 ./system/src/cmsis/system_stm32f4xx.o
 .ARM.attributes
                0x000001cb       0x33 ./system/src/cmsis/vectors_stm32f401xc.o
 .ARM.attributes
                0x000001fe       0x33 ./src/Sched/Sched.o
 .ARM.attributes
                0x00000231       0x33 ./src/Sched/Sched_Config.o
 .ARM.attributes
                0x00000264       0x33 ./src/MCAL/UART/UART.o
 .ARM.attributes
                0x00000297       0x33 ./src/MCAL/SYSTICK/SYSTICK.o
 .ARM.attributes
                0x000002ca       0x33 ./src/MCAL/RCC/RCC.o
 .ARM.attributes
                0x000002fd       0x33 ./src/MCAL/NVIC/NVIC.o
 .ARM.attributes
                0x00000330       0x33 ./src/MCAL/GPIO/GPIO.o
 .ARM.attributes
                0x00000363       0x33 ./src/HAL/SWITCH/SW.o
 .ARM.attributes
                0x00000396       0x33 ./src/HAL/SWITCH/SW_config.o
 .ARM.attributes
                0x000003c9       0x33 ./src/HAL/LED/LED.o
 .ARM.attributes
                0x000003fc       0x33 ./src/HAL/LED/LED_Config.o
 .ARM.attributes
                0x0000042f       0x33 ./src/HAL/LCD/LCD.o
 .ARM.attributes
                0x00000462       0x33 ./src/HAL/LCD/LCD_Config.o
 .ARM.attributes
                0x00000495       0x33 ./src/HAL/H_UART/HUART.o
 .ARM.attributes
                0x000004c8       0x33 ./src/APP_TEST/LCD/DigitalWatch.o
 .ARM.attributes
                0x000004fb       0x33 ./src/APP_TEST/LCD/Display.o
 .ARM.attributes
                0x0000052e       0x33 ./src/APP_TEST/LCD/LCD_Test.o
 .ARM.attributes
                0x00000561       0x33 ./src/APP_TEST/LCD/Processing.o
 .ARM.attributes
                0x00000594       0x33 ./src/APP_TEST/LCD/StopWatch_Runnable.o
 .ARM.attributes
                0x000005c7       0x33 ./src/APP_TEST/LCD/Switch_App.o
 .ARM.attributes
                0x000005fa       0x1e c:/users/notebook/desktop/iti/turkey's/arm_stm32f401/tools/arm gcc/bin/../lib/gcc/arm-none-eabi/5.4.1/armv7e-m\libgcc.a(_aeabi_uldivmod.o)
 .ARM.attributes
                0x00000618       0x2e c:/users/notebook/desktop/iti/turkey's/arm_stm32f401/tools/arm gcc/bin/../lib/gcc/arm-none-eabi/5.4.1/armv7e-m\libgcc.a(_udivmoddi4.o)
 .ARM.attributes
                0x00000646       0x1e c:/users/notebook/desktop/iti/turkey's/arm_stm32f401/tools/arm gcc/bin/../lib/gcc/arm-none-eabi/5.4.1/armv7e-m\libgcc.a(_dvmd_tls.o)
 .ARM.attributes
                0x00000664       0x2e c:/users/notebook/desktop/iti/turkey's/arm_stm32f401/tools/arm gcc/bin/../lib/gcc/arm-none-eabi/5.4.1/../../../../arm-none-eabi/lib/armv7e-m\libg_nano.a(lib_a-errno.o)
 .ARM.attributes
                0x00000692       0x2e c:/users/notebook/desktop/iti/turkey's/arm_stm32f401/tools/arm gcc/bin/../lib/gcc/arm-none-eabi/5.4.1/../../../../arm-none-eabi/lib/armv7e-m\libg_nano.a(lib_a-impure.o)
 .ARM.attributes
                0x000006c0       0x2e c:/users/notebook/desktop/iti/turkey's/arm_stm32f401/tools/arm gcc/bin/../lib/gcc/arm-none-eabi/5.4.1/../../../../arm-none-eabi/lib/armv7e-m\libg_nano.a(lib_a-vsnprintf.o)
 .ARM.attributes
                0x000006ee       0x2e c:/users/notebook/desktop/iti/turkey's/arm_stm32f401/tools/arm gcc/bin/../lib/gcc/arm-none-eabi/5.4.1/../../../../arm-none-eabi/lib/armv7e-m\libg_nano.a(lib_a-nano-svfprintf.o)
 .ARM.attributes
                0x0000071c       0x2e c:/users/notebook/desktop/iti/turkey's/arm_stm32f401/tools/arm gcc/bin/../lib/gcc/arm-none-eabi/5.4.1/../../../../arm-none-eabi/lib/armv7e-m\libg_nano.a(lib_a-nano-vfprintf_i.o)
 .ARM.attributes
                0x0000074a       0x1c c:/users/notebook/desktop/iti/turkey's/arm_stm32f401/tools/arm gcc/bin/../lib/gcc/arm-none-eabi/5.4.1/../../../../arm-none-eabi/lib/armv7e-m\libg_nano.a(lib_a-memchr.o)
 .ARM.attributes
                0x00000766       0x2e c:/users/notebook/desktop/iti/turkey's/arm_stm32f401/tools/arm gcc/bin/../lib/gcc/arm-none-eabi/5.4.1/../../../../arm-none-eabi/lib/armv7e-m\libg_nano.a(lib_a-memcpy-stub.o)
 .ARM.attributes
                0x00000794       0x2e c:/users/notebook/desktop/iti/turkey's/arm_stm32f401/tools/arm gcc/bin/../lib/gcc/arm-none-eabi/5.4.1/../../../../arm-none-eabi/lib/armv7e-m\libg_nano.a(lib_a-memmove.o)
 .ARM.attributes
                0x000007c2       0x2e c:/users/notebook/desktop/iti/turkey's/arm_stm32f401/tools/arm gcc/bin/../lib/gcc/arm-none-eabi/5.4.1/../../../../arm-none-eabi/lib/armv7e-m\libg_nano.a(lib_a-nano-freer.o)
 .ARM.attributes
                0x000007f0       0x2e c:/users/notebook/desktop/iti/turkey's/arm_stm32f401/tools/arm gcc/bin/../lib/gcc/arm-none-eabi/5.4.1/../../../../arm-none-eabi/lib/armv7e-m\libg_nano.a(lib_a-nano-mallocr.o)
 .ARM.attributes
                0x0000081e       0x2e c:/users/notebook/desktop/iti/turkey's/arm_stm32f401/tools/arm gcc/bin/../lib/gcc/arm-none-eabi/5.4.1/../../../../arm-none-eabi/lib/armv7e-m\libg_nano.a(lib_a-nano-reallocr.o)
 .ARM.attributes
                0x0000084c       0x2e c:/users/notebook/desktop/iti/turkey's/arm_stm32f401/tools/arm gcc/bin/../lib/gcc/arm-none-eabi/5.4.1/../../../../arm-none-eabi/lib/armv7e-m\libg_nano.a(lib_a-sbrkr.o)
 .ARM.attributes
                0x0000087a       0x2e c:/users/notebook/desktop/iti/turkey's/arm_stm32f401/tools/arm gcc/bin/../lib/gcc/arm-none-eabi/5.4.1/../../../../arm-none-eabi/lib/armv7e-m\libg_nano.a(lib_a-mlock.o)
 .ARM.attributes
                0x000008a8       0x2e c:/users/notebook/desktop/iti/turkey's/arm_stm32f401/tools/arm gcc/bin/../lib/gcc/arm-none-eabi/5.4.1/../../../../arm-none-eabi/lib/armv7e-m\libg_nano.a(lib_a-nano-msizer.o)

.debug
 *(.debug)

.line
 *(.line)

.debug_srcinfo
 *(.debug_srcinfo)

.debug_sfnames
 *(.debug_sfnames)

.debug_aranges  0x00000000      0x6a8
 *(.debug_aranges)
 .debug_aranges
                0x00000000       0x28 ./system/src/newlib/_exit.o
 .debug_aranges
                0x00000028       0x20 ./system/src/newlib/_sbrk.o
 .debug_aranges
                0x00000048       0x40 ./system/src/newlib/_startup.o
 .debug_aranges
                0x00000088       0x30 ./system/src/newlib/_syscalls.o
 .debug_aranges
                0x000000b8       0x38 ./system/src/diag/Trace.o
 .debug_aranges
                0x000000f0       0x30 ./system/src/diag/trace_impl.o
 .debug_aranges
                0x00000120       0x28 ./system/src/cortexm/_initialize_hardware.o
 .debug_aranges
                0x00000148       0x90 ./system/src/cortexm/exception_handlers.o
 .debug_aranges
                0x000001d8       0x28 ./system/src/cmsis/system_stm32f4xx.o
 .debug_aranges
                0x00000200       0x20 ./system/src/cmsis/vectors_stm32f401xc.o
 .debug_aranges
                0x00000220       0x38 ./src/Sched/Sched.o
 .debug_aranges
                0x00000258       0x18 ./src/Sched/Sched_Config.o
 .debug_aranges
                0x00000270       0x58 ./src/MCAL/UART/UART.o
 .debug_aranges
                0x000002c8       0x58 ./src/MCAL/SYSTICK/SYSTICK.o
 .debug_aranges
                0x00000320       0x68 ./src/MCAL/RCC/RCC.o
 .debug_aranges
                0x00000388       0x50 ./src/MCAL/NVIC/NVIC.o
 .debug_aranges
                0x000003d8       0x38 ./src/MCAL/GPIO/GPIO.o
 .debug_aranges
                0x00000410       0x30 ./src/HAL/SWITCH/SW.o
 .debug_aranges
                0x00000440       0x18 ./src/HAL/SWITCH/SW_config.o
 .debug_aranges
                0x00000458       0x28 ./src/HAL/LED/LED.o
 .debug_aranges
                0x00000480       0x18 ./src/HAL/LED/LED_Config.o
 .debug_aranges
                0x00000498       0x88 ./src/HAL/LCD/LCD.o
 .debug_aranges
                0x00000520       0x18 ./src/HAL/LCD/LCD_Config.o
 .debug_aranges
                0x00000538       0x50 ./src/HAL/H_UART/HUART.o
 .debug_aranges
                0x00000588       0x28 ./src/APP_TEST/LCD/DigitalWatch.o
 .debug_aranges
                0x000005b0       0x70 ./src/APP_TEST/LCD/Display.o
 .debug_aranges
                0x00000620       0x20 ./src/APP_TEST/LCD/LCD_Test.o
 .debug_aranges
                0x00000640       0x20 ./src/APP_TEST/LCD/Processing.o
 .debug_aranges
                0x00000660       0x28 ./src/APP_TEST/LCD/StopWatch_Runnable.o
 .debug_aranges
                0x00000688       0x20 ./src/APP_TEST/LCD/Switch_App.o

.debug_pubnames
 *(.debug_pubnames)

.debug_info     0x00000000     0x626d
 *(.debug_info .gnu.linkonce.wi.*)
 .debug_info    0x00000000       0xef ./system/src/newlib/_exit.o
 .debug_info    0x000000ef      0x11f ./system/src/newlib/_sbrk.o
 .debug_info    0x0000020e      0x4f2 ./system/src/newlib/_startup.o
 .debug_info    0x00000700      0x1c7 ./system/src/newlib/_syscalls.o
 .debug_info    0x000008c7      0x2e7 ./system/src/diag/Trace.o
 .debug_info    0x00000bae      0x30b ./system/src/diag/trace_impl.o
 .debug_info    0x00000eb9      0x2bf ./system/src/cortexm/_initialize_hardware.o
 .debug_info    0x00001178      0x8f4 ./system/src/cortexm/exception_handlers.o
 .debug_info    0x00001a6c      0x4e3 ./system/src/cmsis/system_stm32f4xx.o
 .debug_info    0x00001f4f       0xd1 ./system/src/cmsis/vectors_stm32f401xc.o
 .debug_info    0x00002020      0x262 ./src/Sched/Sched.o
 .debug_info    0x00002282      0x127 ./src/Sched/Sched_Config.o
 .debug_info    0x000023a9      0x46d ./src/MCAL/UART/UART.o
 .debug_info    0x00002816      0x1f7 ./src/MCAL/SYSTICK/SYSTICK.o
 .debug_info    0x00002a0d      0x791 ./src/MCAL/RCC/RCC.o
 .debug_info    0x0000319e      0x457 ./src/MCAL/NVIC/NVIC.o
 .debug_info    0x000035f5      0x2d0 ./src/MCAL/GPIO/GPIO.o
 .debug_info    0x000038c5      0x27a ./src/HAL/SWITCH/SW.o
 .debug_info    0x00003b3f       0xe8 ./src/HAL/SWITCH/SW_config.o
 .debug_info    0x00003c27      0x220 ./src/HAL/LED/LED.o
 .debug_info    0x00003e47       0xda ./src/HAL/LED/LED_Config.o
 .debug_info    0x00003f21      0x8f6 ./src/HAL/LCD/LCD.o
 .debug_info    0x00004817      0x13a ./src/HAL/LCD/LCD_Config.o
 .debug_info    0x00004951      0x6b5 ./src/HAL/H_UART/HUART.o
 .debug_info    0x00005006      0x24b ./src/APP_TEST/LCD/DigitalWatch.o
 .debug_info    0x00005251      0x8f6 ./src/APP_TEST/LCD/Display.o
 .debug_info    0x00005b47      0x281 ./src/APP_TEST/LCD/LCD_Test.o
 .debug_info    0x00005dc8      0x167 ./src/APP_TEST/LCD/Processing.o
 .debug_info    0x00005f2f      0x11c ./src/APP_TEST/LCD/StopWatch_Runnable.o
 .debug_info    0x0000604b      0x222 ./src/APP_TEST/LCD/Switch_App.o

.debug_abbrev   0x00000000     0x2206
 *(.debug_abbrev)
 .debug_abbrev  0x00000000       0x8e ./system/src/newlib/_exit.o
 .debug_abbrev  0x0000008e       0xb9 ./system/src/newlib/_sbrk.o
 .debug_abbrev  0x00000147      0x1b6 ./system/src/newlib/_startup.o
 .debug_abbrev  0x000002fd       0xec ./system/src/newlib/_syscalls.o
 .debug_abbrev  0x000003e9      0x156 ./system/src/diag/Trace.o
 .debug_abbrev  0x0000053f      0x1c8 ./system/src/diag/trace_impl.o
 .debug_abbrev  0x00000707       0xea ./system/src/cortexm/_initialize_hardware.o
 .debug_abbrev  0x000007f1      0x247 ./system/src/cortexm/exception_handlers.o
 .debug_abbrev  0x00000a38      0x104 ./system/src/cmsis/system_stm32f4xx.o
 .debug_abbrev  0x00000b3c       0x9d ./system/src/cmsis/vectors_stm32f401xc.o
 .debug_abbrev  0x00000bd9      0x173 ./src/Sched/Sched.o
 .debug_abbrev  0x00000d4c       0x99 ./src/Sched/Sched_Config.o
 .debug_abbrev  0x00000de5      0x16a ./src/MCAL/UART/UART.o
 .debug_abbrev  0x00000f4f       0xfb ./src/MCAL/SYSTICK/SYSTICK.o
 .debug_abbrev  0x0000104a      0x188 ./src/MCAL/RCC/RCC.o
 .debug_abbrev  0x000011d2       0xcb ./src/MCAL/NVIC/NVIC.o
 .debug_abbrev  0x0000129d      0x117 ./src/MCAL/GPIO/GPIO.o
 .debug_abbrev  0x000013b4      0x13b ./src/HAL/SWITCH/SW.o
 .debug_abbrev  0x000014ef       0x98 ./src/HAL/SWITCH/SW_config.o
 .debug_abbrev  0x00001587      0x151 ./src/HAL/LED/LED.o
 .debug_abbrev  0x000016d8       0xae ./src/HAL/LED/LED_Config.o
 .debug_abbrev  0x00001786      0x24f ./src/HAL/LCD/LCD.o
 .debug_abbrev  0x000019d5       0x9a ./src/HAL/LCD/LCD_Config.o
 .debug_abbrev  0x00001a6f      0x1c4 ./src/HAL/H_UART/HUART.o
 .debug_abbrev  0x00001c33      0x100 ./src/APP_TEST/LCD/DigitalWatch.o
 .debug_abbrev  0x00001d33      0x1d8 ./src/APP_TEST/LCD/Display.o
 .debug_abbrev  0x00001f0b       0xca ./src/APP_TEST/LCD/LCD_Test.o
 .debug_abbrev  0x00001fd5       0xad ./src/APP_TEST/LCD/Processing.o
 .debug_abbrev  0x00002082       0xbe ./src/APP_TEST/LCD/StopWatch_Runnable.o
 .debug_abbrev  0x00002140       0xc6 ./src/APP_TEST/LCD/Switch_App.o

.debug_line     0x00000000     0x5dfc
 *(.debug_line)
 .debug_line    0x00000000      0x365 ./system/src/newlib/_exit.o
 .debug_line    0x00000365      0x316 ./system/src/newlib/_sbrk.o
 .debug_line    0x0000067b      0x3de ./system/src/newlib/_startup.o
 .debug_line    0x00000a59      0x43b ./system/src/newlib/_syscalls.o
 .debug_line    0x00000e94      0x3d3 ./system/src/diag/Trace.o
 .debug_line    0x00001267      0xaf3 ./system/src/diag/trace_impl.o
 .debug_line    0x00001d5a      0xa5b ./system/src/cortexm/_initialize_hardware.o
 .debug_line    0x000027b5      0xb91 ./system/src/cortexm/exception_handlers.o
 .debug_line    0x00003346      0xa5b ./system/src/cmsis/system_stm32f4xx.o
 .debug_line    0x00003da1      0x10f ./system/src/cmsis/vectors_stm32f401xc.o
 .debug_line    0x00003eb0      0x189 ./src/Sched/Sched.o
 .debug_line    0x00004039       0xae ./src/Sched/Sched_Config.o
 .debug_line    0x000040e7      0x1c8 ./src/MCAL/UART/UART.o
 .debug_line    0x000042af      0x160 ./src/MCAL/SYSTICK/SYSTICK.o
 .debug_line    0x0000440f      0x260 ./src/MCAL/RCC/RCC.o
 .debug_line    0x0000466f      0x15c ./src/MCAL/NVIC/NVIC.o
 .debug_line    0x000047cb      0x10b ./src/MCAL/GPIO/GPIO.o
 .debug_line    0x000048d6      0x168 ./src/HAL/SWITCH/SW.o
 .debug_line    0x00004a3e       0xfc ./src/HAL/SWITCH/SW_config.o
 .debug_line    0x00004b3a       0xfc ./src/HAL/LED/LED.o
 .debug_line    0x00004c36       0xbf ./src/HAL/LED/LED_Config.o
 .debug_line    0x00004cf5      0x334 ./src/HAL/LCD/LCD.o
 .debug_line    0x00005029       0xba ./src/HAL/LCD/LCD_Config.o
 .debug_line    0x000050e3      0x2db ./src/HAL/H_UART/HUART.o
 .debug_line    0x000053be       0xe4 ./src/APP_TEST/LCD/DigitalWatch.o
 .debug_line    0x000054a2      0x2e1 ./src/APP_TEST/LCD/Display.o
 .debug_line    0x00005783      0x24b ./src/APP_TEST/LCD/LCD_Test.o
 .debug_line    0x000059ce      0x176 ./src/APP_TEST/LCD/Processing.o
 .debug_line    0x00005b44       0xcb ./src/APP_TEST/LCD/StopWatch_Runnable.o
 .debug_line    0x00005c0f      0x1ed ./src/APP_TEST/LCD/Switch_App.o

.debug_frame    0x00000000     0x1010
 *(.debug_frame)
 .debug_frame   0x00000000       0x38 ./system/src/newlib/_exit.o
 .debug_frame   0x00000038       0x28 ./system/src/newlib/_sbrk.o
 .debug_frame   0x00000060       0x7c ./system/src/newlib/_startup.o
 .debug_frame   0x000000dc       0x50 ./system/src/newlib/_syscalls.o
 .debug_frame   0x0000012c       0x94 ./system/src/diag/Trace.o
 .debug_frame   0x000001c0       0x60 ./system/src/diag/trace_impl.o
 .debug_frame   0x00000220       0x40 ./system/src/cortexm/_initialize_hardware.o
 .debug_frame   0x00000260      0x158 ./system/src/cortexm/exception_handlers.o
 .debug_frame   0x000003b8       0x30 ./system/src/cmsis/system_stm32f4xx.o
 .debug_frame   0x000003e8       0x20 ./system/src/cmsis/vectors_stm32f401xc.o
 .debug_frame   0x00000408       0x6c ./src/Sched/Sched.o
 .debug_frame   0x00000474       0xcc ./src/MCAL/UART/UART.o
 .debug_frame   0x00000540       0x98 ./src/MCAL/SYSTICK/SYSTICK.o
 .debug_frame   0x000005d8       0xec ./src/MCAL/RCC/RCC.o
 .debug_frame   0x000006c4       0x94 ./src/MCAL/NVIC/NVIC.o
 .debug_frame   0x00000758       0x88 ./src/MCAL/GPIO/GPIO.o
 .debug_frame   0x000007e0       0x64 ./src/HAL/SWITCH/SW.o
 .debug_frame   0x00000844       0x54 ./src/HAL/LED/LED.o
 .debug_frame   0x00000898      0x198 ./src/HAL/LCD/LCD.o
 .debug_frame   0x00000a30       0xdc ./src/HAL/H_UART/HUART.o
 .debug_frame   0x00000b0c       0x3c ./src/APP_TEST/LCD/DigitalWatch.o
 .debug_frame   0x00000b48       0xf0 ./src/APP_TEST/LCD/Display.o
 .debug_frame   0x00000c38       0x30 ./src/APP_TEST/LCD/LCD_Test.o
 .debug_frame   0x00000c68       0x20 ./src/APP_TEST/LCD/Processing.o
 .debug_frame   0x00000c88       0x38 ./src/APP_TEST/LCD/StopWatch_Runnable.o
 .debug_frame   0x00000cc0       0x2c ./src/APP_TEST/LCD/Switch_App.o
 .debug_frame   0x00000cec       0x2c c:/users/notebook/desktop/iti/turkey's/arm_stm32f401/tools/arm gcc/bin/../lib/gcc/arm-none-eabi/5.4.1/armv7e-m\libgcc.a(_aeabi_uldivmod.o)
 .debug_frame   0x00000d18       0x34 c:/users/notebook/desktop/iti/turkey's/arm_stm32f401/tools/arm gcc/bin/../lib/gcc/arm-none-eabi/5.4.1/armv7e-m\libgcc.a(_udivmoddi4.o)
 .debug_frame   0x00000d4c       0x20 c:/users/notebook/desktop/iti/turkey's/arm_stm32f401/tools/arm gcc/bin/../lib/gcc/arm-none-eabi/5.4.1/../../../../arm-none-eabi/lib/armv7e-m\libg_nano.a(lib_a-errno.o)
 .debug_frame   0x00000d6c       0x48 c:/users/notebook/desktop/iti/turkey's/arm_stm32f401/tools/arm gcc/bin/../lib/gcc/arm-none-eabi/5.4.1/../../../../arm-none-eabi/lib/armv7e-m\libg_nano.a(lib_a-vsnprintf.o)
 .debug_frame   0x00000db4       0x90 c:/users/notebook/desktop/iti/turkey's/arm_stm32f401/tools/arm gcc/bin/../lib/gcc/arm-none-eabi/5.4.1/../../../../arm-none-eabi/lib/armv7e-m\libg_nano.a(lib_a-nano-svfprintf.o)
 .debug_frame   0x00000e44       0x60 c:/users/notebook/desktop/iti/turkey's/arm_stm32f401/tools/arm gcc/bin/../lib/gcc/arm-none-eabi/5.4.1/../../../../arm-none-eabi/lib/armv7e-m\libg_nano.a(lib_a-nano-vfprintf_i.o)
 .debug_frame   0x00000ea4       0x28 c:/users/notebook/desktop/iti/turkey's/arm_stm32f401/tools/arm gcc/bin/../lib/gcc/arm-none-eabi/5.4.1/../../../../arm-none-eabi/lib/armv7e-m\libg_nano.a(lib_a-memcpy-stub.o)
 .debug_frame   0x00000ecc       0x28 c:/users/notebook/desktop/iti/turkey's/arm_stm32f401/tools/arm gcc/bin/../lib/gcc/arm-none-eabi/5.4.1/../../../../arm-none-eabi/lib/armv7e-m\libg_nano.a(lib_a-memmove.o)
 .debug_frame   0x00000ef4       0x38 c:/users/notebook/desktop/iti/turkey's/arm_stm32f401/tools/arm gcc/bin/../lib/gcc/arm-none-eabi/5.4.1/../../../../arm-none-eabi/lib/armv7e-m\libg_nano.a(lib_a-nano-freer.o)
 .debug_frame   0x00000f2c       0x2c c:/users/notebook/desktop/iti/turkey's/arm_stm32f401/tools/arm gcc/bin/../lib/gcc/arm-none-eabi/5.4.1/../../../../arm-none-eabi/lib/armv7e-m\libg_nano.a(lib_a-nano-mallocr.o)
 .debug_frame   0x00000f58       0x3c c:/users/notebook/desktop/iti/turkey's/arm_stm32f401/tools/arm gcc/bin/../lib/gcc/arm-none-eabi/5.4.1/../../../../arm-none-eabi/lib/armv7e-m\libg_nano.a(lib_a-nano-reallocr.o)
 .debug_frame   0x00000f94       0x2c c:/users/notebook/desktop/iti/turkey's/arm_stm32f401/tools/arm gcc/bin/../lib/gcc/arm-none-eabi/5.4.1/../../../../arm-none-eabi/lib/armv7e-m\libg_nano.a(lib_a-sbrkr.o)
 .debug_frame   0x00000fc0       0x30 c:/users/notebook/desktop/iti/turkey's/arm_stm32f401/tools/arm gcc/bin/../lib/gcc/arm-none-eabi/5.4.1/../../../../arm-none-eabi/lib/armv7e-m\libg_nano.a(lib_a-mlock.o)
 .debug_frame   0x00000ff0       0x20 c:/users/notebook/desktop/iti/turkey's/arm_stm32f401/tools/arm gcc/bin/../lib/gcc/arm-none-eabi/5.4.1/../../../../arm-none-eabi/lib/armv7e-m\libg_nano.a(lib_a-nano-msizer.o)

.debug_str      0x00000000    0x73eb5
 *(.debug_str)
 .debug_str     0x00000000     0x6d59 ./system/src/newlib/_exit.o
                               0x6ecb (size before relaxing)
 .debug_str     0x00006d59      0x4de ./system/src/newlib/_sbrk.o
                               0x62b6 (size before relaxing)
 .debug_str     0x00007237      0xc29 ./system/src/newlib/_startup.o
                               0x5ed1 (size before relaxing)
 .debug_str     0x00007e60      0xe18 ./system/src/newlib/_syscalls.o
                               0x7116 (size before relaxing)
 .debug_str     0x00008c78      0x890 ./system/src/diag/Trace.o
                               0x76bb (size before relaxing)
 .debug_str     0x00009508    0x67a24 ./system/src/diag/trace_impl.o
                              0x6f9d1 (size before relaxing)
 .debug_str     0x00070f2c       0xc4 ./system/src/cortexm/_initialize_hardware.o
                              0x6e7b2 (size before relaxing)
 .debug_str     0x00070ff0      0x1a6 ./system/src/cortexm/exception_handlers.o
                              0x6fb5b (size before relaxing)
 .debug_str     0x00071196       0xe2 ./system/src/cmsis/system_stm32f4xx.o
                              0x6e8a3 (size before relaxing)
 .debug_str     0x00071278       0x59 ./system/src/cmsis/vectors_stm32f401xc.o
                               0x3088 (size before relaxing)
 .debug_str     0x000712d1      0x1b3 ./src/Sched/Sched.o
                               0x2768 (size before relaxing)
 .debug_str     0x00071484       0x1c ./src/Sched/Sched_Config.o
                               0x2695 (size before relaxing)
 .debug_str     0x000714a0      0x2de ./src/MCAL/UART/UART.o
                               0x28a2 (size before relaxing)
 .debug_str     0x0007177e      0x171 ./src/MCAL/SYSTICK/SYSTICK.o
                               0x279f (size before relaxing)
 .debug_str     0x000718ef      0x8aa ./src/MCAL/RCC/RCC.o
                               0x2e0c (size before relaxing)
 .debug_str     0x00072199      0x5e4 ./src/MCAL/NVIC/NVIC.o
                               0x2be5 (size before relaxing)
 .debug_str     0x0007277d      0x8a1 ./src/MCAL/GPIO/GPIO.o
                               0x2e0c (size before relaxing)
 .debug_str     0x0007301e      0x137 ./src/HAL/SWITCH/SW.o
                               0x2d4c (size before relaxing)
 .debug_str     0x00073155       0x1e ./src/HAL/SWITCH/SW_config.o
                               0x2c8a (size before relaxing)
 .debug_str     0x00073173      0x115 ./src/HAL/LED/LED.o
                               0x2cc8 (size before relaxing)
 .debug_str     0x00073288       0x1c ./src/HAL/LED/LED_Config.o
                               0x2c36 (size before relaxing)
 .debug_str     0x000732a4      0x437 ./src/HAL/LCD/LCD.o
                               0x30db (size before relaxing)
 .debug_str     0x000736db       0x1c ./src/HAL/LCD/LCD_Config.o
                               0x2c84 (size before relaxing)
 .debug_str     0x000736f7      0x131 ./src/HAL/H_UART/HUART.o
                               0x34ff (size before relaxing)
 .debug_str     0x00073828      0x296 ./src/APP_TEST/LCD/DigitalWatch.o
                               0x2881 (size before relaxing)
 .debug_str     0x00073abe      0x2c7 ./src/APP_TEST/LCD/Display.o
                               0x2b63 (size before relaxing)
 .debug_str     0x00073d85       0x1f ./src/APP_TEST/LCD/LCD_Test.o
                               0x30f5 (size before relaxing)
 .debug_str     0x00073da4       0x6b ./src/APP_TEST/LCD/Processing.o
                               0x27b9 (size before relaxing)
 .debug_str     0x00073e0f       0x5d ./src/APP_TEST/LCD/StopWatch_Runnable.o
                               0x265f (size before relaxing)
 .debug_str     0x00073e6c       0x49 ./src/APP_TEST/LCD/Switch_App.o
                               0x2894 (size before relaxing)

.debug_loc      0x00000000     0x2ad6
 *(.debug_loc)
 .debug_loc     0x00000000       0x82 ./system/src/newlib/_sbrk.o
 .debug_loc     0x00000082      0x36e ./system/src/newlib/_startup.o
 .debug_loc     0x000003f0       0x63 ./system/src/newlib/_syscalls.o
 .debug_loc     0x00000453      0x102 ./system/src/diag/Trace.o
 .debug_loc     0x00000555      0x17c ./system/src/diag/trace_impl.o
 .debug_loc     0x000006d1      0x2a8 ./system/src/cortexm/exception_handlers.o
 .debug_loc     0x00000979      0x132 ./system/src/cmsis/system_stm32f4xx.o
 .debug_loc     0x00000aab       0x3e ./src/Sched/Sched.o
 .debug_loc     0x00000ae9      0x1c4 ./src/MCAL/UART/UART.o
 .debug_loc     0x00000cad      0x1e1 ./src/MCAL/SYSTICK/SYSTICK.o
 .debug_loc     0x00000e8e      0xa78 ./src/MCAL/RCC/RCC.o
 .debug_loc     0x00001906      0x416 ./src/MCAL/NVIC/NVIC.o
 .debug_loc     0x00001d1c      0x3db ./src/MCAL/GPIO/GPIO.o
 .debug_loc     0x000020f7       0x67 ./src/HAL/SWITCH/SW.o
 .debug_loc     0x0000215e       0xbc ./src/HAL/LED/LED.o
 .debug_loc     0x0000221a      0x5e7 ./src/HAL/LCD/LCD.o
 .debug_loc     0x00002801      0x1f7 ./src/HAL/H_UART/HUART.o
 .debug_loc     0x000029f8       0xde ./src/APP_TEST/LCD/Display.o

.debug_macinfo
 *(.debug_macinfo)

.debug_weaknames
 *(.debug_weaknames)

.debug_funcnames
 *(.debug_funcnames)

.debug_typenames
 *(.debug_typenames)

.debug_varnames
 *(.debug_varnames)
OUTPUT(LCD_PROJECT_Saved11.elf elf32-littlearm)

.debug_ranges   0x00000000      0x6b0
 .debug_ranges  0x00000000       0x18 ./system/src/newlib/_exit.o
 .debug_ranges  0x00000018       0x10 ./system/src/newlib/_sbrk.o
 .debug_ranges  0x00000028       0x30 ./system/src/newlib/_startup.o
 .debug_ranges  0x00000058       0x20 ./system/src/newlib/_syscalls.o
 .debug_ranges  0x00000078       0x28 ./system/src/diag/Trace.o
 .debug_ranges  0x000000a0       0x38 ./system/src/diag/trace_impl.o
 .debug_ranges  0x000000d8       0x18 ./system/src/cortexm/_initialize_hardware.o
 .debug_ranges  0x000000f0       0x98 ./system/src/cortexm/exception_handlers.o
 .debug_ranges  0x00000188       0x18 ./system/src/cmsis/system_stm32f4xx.o
 .debug_ranges  0x000001a0       0x10 ./system/src/cmsis/vectors_stm32f401xc.o
 .debug_ranges  0x000001b0       0x28 ./src/Sched/Sched.o
 .debug_ranges  0x000001d8       0x78 ./src/MCAL/UART/UART.o
 .debug_ranges  0x00000250       0x48 ./src/MCAL/SYSTICK/SYSTICK.o
 .debug_ranges  0x00000298      0x188 ./src/MCAL/RCC/RCC.o
 .debug_ranges  0x00000420       0x40 ./src/MCAL/NVIC/NVIC.o
 .debug_ranges  0x00000460       0x28 ./src/MCAL/GPIO/GPIO.o
 .debug_ranges  0x00000488       0x20 ./src/HAL/SWITCH/SW.o
 .debug_ranges  0x000004a8       0x18 ./src/HAL/LED/LED.o
 .debug_ranges  0x000004c0       0xc0 ./src/HAL/LCD/LCD.o
 .debug_ranges  0x00000580       0x70 ./src/HAL/H_UART/HUART.o
 .debug_ranges  0x000005f0       0x18 ./src/APP_TEST/LCD/DigitalWatch.o
 .debug_ranges  0x00000608       0x60 ./src/APP_TEST/LCD/Display.o
 .debug_ranges  0x00000668       0x10 ./src/APP_TEST/LCD/LCD_Test.o
 .debug_ranges  0x00000678       0x10 ./src/APP_TEST/LCD/Processing.o
 .debug_ranges  0x00000688       0x18 ./src/APP_TEST/LCD/StopWatch_Runnable.o
 .debug_ranges  0x000006a0       0x10 ./src/APP_TEST/LCD/Switch_App.o

.debug_macro    0x00000000    0x132c7
 .debug_macro   0x00000000      0x19c ./system/src/newlib/_exit.o
 .debug_macro   0x0000019c      0x898 ./system/src/newlib/_exit.o
 .debug_macro   0x00000a34       0x9c ./system/src/newlib/_exit.o
 .debug_macro   0x00000ad0      0x10e ./system/src/newlib/_exit.o
 .debug_macro   0x00000bde       0x8d ./system/src/newlib/_exit.o
 .debug_macro   0x00000c6b       0x43 ./system/src/newlib/_exit.o
 .debug_macro   0x00000cae      0x30d ./system/src/newlib/_exit.o
 .debug_macro   0x00000fbb       0x35 ./system/src/newlib/_exit.o
 .debug_macro   0x00000ff0      0x151 ./system/src/newlib/_sbrk.o
 .debug_macro   0x00001141      0x174 ./system/src/newlib/_sbrk.o
 .debug_macro   0x000012b5       0x10 ./system/src/newlib/_sbrk.o
 .debug_macro   0x000012c5      0x23b ./system/src/newlib/_sbrk.o
 .debug_macro   0x00001500      0x15b ./system/src/newlib/_startup.o
 .debug_macro   0x0000165b      0x89e ./system/src/newlib/_startup.o
 .debug_macro   0x00001ef9      0x34e ./system/src/newlib/_startup.o
 .debug_macro   0x00002247      0x1ff ./system/src/newlib/_syscalls.o
 .debug_macro   0x00002446       0x1c ./system/src/newlib/_syscalls.o
 .debug_macro   0x00002462       0x10 ./system/src/newlib/_syscalls.o
 .debug_macro   0x00002472       0x10 ./system/src/newlib/_syscalls.o
 .debug_macro   0x00002482       0x10 ./system/src/newlib/_syscalls.o
 .debug_macro   0x00002492       0x35 ./system/src/newlib/_syscalls.o
 .debug_macro   0x000024c7      0x122 ./system/src/newlib/_syscalls.o
 .debug_macro   0x000025e9       0x88 ./system/src/newlib/_syscalls.o
 .debug_macro   0x00002671       0x2b ./system/src/newlib/_syscalls.o
 .debug_macro   0x0000269c      0x118 ./system/src/newlib/_syscalls.o
 .debug_macro   0x000027b4      0x159 ./system/src/newlib/_syscalls.o
 .debug_macro   0x0000290d       0x16 ./system/src/newlib/_syscalls.o
 .debug_macro   0x00002923      0x1d9 ./system/src/diag/Trace.o
 .debug_macro   0x00002afc       0x16 ./system/src/diag/Trace.o
 .debug_macro   0x00002b12       0x97 ./system/src/diag/Trace.o
 .debug_macro   0x00002ba9       0xfd ./system/src/diag/Trace.o
 .debug_macro   0x00002ca6       0x10 ./system/src/diag/Trace.o
 .debug_macro   0x00002cb6       0x16 ./system/src/diag/Trace.o
 .debug_macro   0x00002ccc      0x18b ./system/src/diag/Trace.o
 .debug_macro   0x00002e57       0x4c ./system/src/diag/Trace.o
 .debug_macro   0x00002ea3       0x16 ./system/src/diag/Trace.o
 .debug_macro   0x00002eb9      0x512 ./system/src/diag/trace_impl.o
 .debug_macro   0x000033cb       0x31 ./system/src/diag/trace_impl.o
 .debug_macro   0x000033fc       0x28 ./system/src/diag/trace_impl.o
 .debug_macro   0x00003424       0x35 ./system/src/diag/trace_impl.o
 .debug_macro   0x00003459       0x50 ./system/src/diag/trace_impl.o
 .debug_macro   0x000034a9      0xe66 ./system/src/diag/trace_impl.o
 .debug_macro   0x0000430f     0x5099 ./system/src/diag/trace_impl.o
 .debug_macro   0x000093a8       0x43 ./system/src/diag/trace_impl.o
 .debug_macro   0x000093eb      0x289 ./system/src/diag/trace_impl.o
 .debug_macro   0x00009674     0x347f ./system/src/diag/trace_impl.o
 .debug_macro   0x0000caf3       0x57 ./system/src/diag/trace_impl.o
 .debug_macro   0x0000cb4a      0x424 ./system/src/diag/trace_impl.o
 .debug_macro   0x0000cf6e      0x9e1 ./system/src/diag/trace_impl.o
 .debug_macro   0x0000d94f      0x11e ./system/src/diag/trace_impl.o
 .debug_macro   0x0000da6d       0xf8 ./system/src/diag/trace_impl.o
 .debug_macro   0x0000db65       0x27 ./system/src/diag/trace_impl.o
 .debug_macro   0x0000db8c      0x287 ./system/src/diag/trace_impl.o
 .debug_macro   0x0000de13       0x5f ./system/src/diag/trace_impl.o
 .debug_macro   0x0000de72      0x23a ./system/src/diag/trace_impl.o
 .debug_macro   0x0000e0ac      0x391 ./system/src/diag/trace_impl.o
 .debug_macro   0x0000e43d      0x16f ./system/src/diag/trace_impl.o
 .debug_macro   0x0000e5ac       0xf9 ./system/src/diag/trace_impl.o
 .debug_macro   0x0000e6a5       0x23 ./system/src/diag/trace_impl.o
 .debug_macro   0x0000e6c8      0x13a ./system/src/diag/trace_impl.o
 .debug_macro   0x0000e802      0x23a ./system/src/diag/trace_impl.o
 .debug_macro   0x0000ea3c       0x2e ./system/src/diag/trace_impl.o
 .debug_macro   0x0000ea6a      0x1a7 ./system/src/diag/trace_impl.o
 .debug_macro   0x0000ec11       0x22 ./system/src/diag/trace_impl.o
 .debug_macro   0x0000ec33       0xa5 ./system/src/diag/trace_impl.o
 .debug_macro   0x0000ecd8      0x18b ./system/src/diag/trace_impl.o
 .debug_macro   0x0000ee63       0x24 ./system/src/diag/trace_impl.o
 .debug_macro   0x0000ee87       0x35 ./system/src/diag/trace_impl.o
 .debug_macro   0x0000eebc       0x79 ./system/src/diag/trace_impl.o
 .debug_macro   0x0000ef35      0x11e ./system/src/diag/trace_impl.o
 .debug_macro   0x0000f053       0x85 ./system/src/diag/trace_impl.o
 .debug_macro   0x0000f0d8       0x89 ./system/src/diag/trace_impl.o
 .debug_macro   0x0000f161      0x31a ./system/src/diag/trace_impl.o
 .debug_macro   0x0000f47b      0x409 ./system/src/diag/trace_impl.o
 .debug_macro   0x0000f884       0xe4 ./system/src/diag/trace_impl.o
 .debug_macro   0x0000f968      0x48d ./system/src/diag/trace_impl.o
 .debug_macro   0x0000fdf5      0x22b ./system/src/diag/trace_impl.o
 .debug_macro   0x00010020      0x202 ./system/src/diag/trace_impl.o
 .debug_macro   0x00010222      0x6d9 ./system/src/diag/trace_impl.o
 .debug_macro   0x000108fb       0x5b ./system/src/diag/trace_impl.o
 .debug_macro   0x00010956      0x14d ./system/src/diag/trace_impl.o
 .debug_macro   0x00010aa3      0x287 ./system/src/diag/trace_impl.o
 .debug_macro   0x00010d2a      0x225 ./system/src/diag/trace_impl.o
 .debug_macro   0x00010f4f      0x1b5 ./system/src/diag/trace_impl.o
 .debug_macro   0x00011104      0x2db ./system/src/diag/trace_impl.o
 .debug_macro   0x000113df       0x89 ./system/src/diag/trace_impl.o
 .debug_macro   0x00011468      0x1df ./system/src/diag/trace_impl.o
 .debug_macro   0x00011647      0x115 ./system/src/diag/trace_impl.o
 .debug_macro   0x0001175c       0x6e ./system/src/diag/trace_impl.o
 .debug_macro   0x000117ca      0x11e ./system/src/diag/trace_impl.o
 .debug_macro   0x000118e8       0x22 ./system/src/diag/trace_impl.o
 .debug_macro   0x0001190a      0x4d6 ./system/src/cortexm/_initialize_hardware.o
 .debug_macro   0x00011de0      0x535 ./system/src/cortexm/exception_handlers.o
 .debug_macro   0x00012315       0x3b ./system/src/cortexm/exception_handlers.o
 .debug_macro   0x00012350      0x4d2 ./system/src/cmsis/system_stm32f4xx.o
 .debug_macro   0x00012822       0x34 ./system/src/cmsis/vectors_stm32f401xc.o
 .debug_macro   0x00012856       0x40 ./src/Sched/Sched.o
 .debug_macro   0x00012896       0x10 ./src/Sched/Sched.o
 .debug_macro   0x000128a6       0x10 ./src/Sched/Sched.o
 .debug_macro   0x000128b6       0x16 ./src/Sched/Sched.o
 .debug_macro   0x000128cc       0x23 ./src/Sched/Sched_Config.o
 .debug_macro   0x000128ef       0x80 ./src/MCAL/UART/UART.o
 .debug_macro   0x0001296f       0x1c ./src/MCAL/UART/UART.o
 .debug_macro   0x0001298b       0x16 ./src/MCAL/UART/UART.o
 .debug_macro   0x000129a1       0x47 ./src/MCAL/SYSTICK/SYSTICK.o
 .debug_macro   0x000129e8       0x1c ./src/MCAL/SYSTICK/SYSTICK.o
 .debug_macro   0x00012a04       0x92 ./src/MCAL/RCC/RCC.o
 .debug_macro   0x00012a96       0xa6 ./src/MCAL/RCC/RCC.o
 .debug_macro   0x00012b3c       0x70 ./src/MCAL/NVIC/NVIC.o
 .debug_macro   0x00012bac       0x22 ./src/MCAL/NVIC/NVIC.o
 .debug_macro   0x00012bce       0x7a ./src/MCAL/GPIO/GPIO.o
 .debug_macro   0x00012c48      0x180 ./src/MCAL/GPIO/GPIO.o
 .debug_macro   0x00012dc8       0x42 ./src/HAL/SWITCH/SW.o
 .debug_macro   0x00012e0a       0x10 ./src/HAL/SWITCH/SW.o
 .debug_macro   0x00012e1a       0x3c ./src/HAL/SWITCH/SW_config.o
 .debug_macro   0x00012e56       0x3f ./src/HAL/LED/LED.o
 .debug_macro   0x00012e95       0x22 ./src/HAL/LED/LED.o
 .debug_macro   0x00012eb7       0x33 ./src/HAL/LED/LED_Config.o
 .debug_macro   0x00012eea       0x45 ./src/HAL/LCD/LCD.o
 .debug_macro   0x00012f2f       0x2d ./src/HAL/LCD/LCD_Config.o
 .debug_macro   0x00012f5c       0x84 ./src/HAL/H_UART/HUART.o
 .debug_macro   0x00012fe0       0x23 ./src/APP_TEST/LCD/DigitalWatch.o
 .debug_macro   0x00013003       0x7c ./src/APP_TEST/LCD/DigitalWatch.o
 .debug_macro   0x0001307f       0x6c ./src/APP_TEST/LCD/Display.o
 .debug_macro   0x000130eb       0x34 ./src/APP_TEST/LCD/Display.o
 .debug_macro   0x0001311f       0x10 ./src/APP_TEST/LCD/Display.o
 .debug_macro   0x0001312f       0x7f ./src/APP_TEST/LCD/LCD_Test.o
 .debug_macro   0x000131ae       0x5d ./src/APP_TEST/LCD/Processing.o
 .debug_macro   0x0001320b       0x2a ./src/APP_TEST/LCD/StopWatch_Runnable.o
 .debug_macro   0x00013235       0x92 ./src/APP_TEST/LCD/Switch_App.o
